
> jessica-campos-imoveis@0.1.0 build:cf
> npx @opennextjs/cloudflare build ; echo EXIT_CODE=$LASTEXITCODE


┌─────────────────────────────┐
│ OpenNext — Cloudflare build │
└─────────────────────────────┘

App directory: g:\Desenvolvimento Clientes\Jessica-Campos-Negocios-Imobiliarios\jessica-campos-imoveis
Next.js version : 15.5.16
@opennextjs/cloudflare version: 1.19.7
@opennextjs/aws version: 3.10.4

┌─────────────────────────────────┐
│ OpenNext — Building Next.js app │
└─────────────────────────────────┘


> jessica-campos-imoveis@0.1.0 build
> next build --turbopack

   ▲ Next.js 15.5.16 (Turbopack)
   - Environments: .env.local, .env

   Creating an optimized production build ...
 ✓ Finished writing to disk in 132ms

> jessica-campos-imoveis@0.1.0 build:cf
> npx @opennextjs/cloudflare build ; echo EXIT_CODE=$LASTEXITCODE


┌─────────────────────────────┐
│ OpenNext — Cloudflare build │
└─────────────────────────────┘

App directory: g:\Desenvolvimento Clientes\Jessica-Campos-Negocios-Imobiliarios\jessica-campos-imoveis
Next.js version : 15.5.16
@opennextjs/cloudflare version: 1.19.7
@opennextjs/aws version: 3.10.4

┌─────────────────────────────────┐
│ OpenNext — Building Next.js app │
└─────────────────────────────────┘


> jessica-campos-imoveis@0.1.0 build
> next build --turbopack

   ▲ Next.js 15.5.16 (Turbopack)
   - Environments: .env.local, .env

   Creating an optimized production build ...
 ✓ Finished writing to disk in 161ms
 ✓ Compiled successfully in 8.6s
   Linting and checking validity of types ...

> jessica-campos-imoveis@0.1.0 build:cf
> npx @opennextjs/cloudflare build ; echo EXIT_CODE=$LASTEXITCODE


┌─────────────────────────────┐
│ OpenNext — Cloudflare build │
└─────────────────────────────┘

App directory: g:\Desenvolvimento Clientes\Jessica-Campos-Negocios-Imobiliarios\jessica-campos-imoveis
Next.js version : 15.5.16
@opennextjs/cloudflare version: 1.19.7
@opennextjs/aws version: 3.10.4

┌─────────────────────────────────┐
│ OpenNext — Building Next.js app │
└─────────────────────────────────┘


> jessica-campos-imoveis@0.1.0 build
> next build --turbopack

   ▲ Next.js 15.5.16 (Turbopack)
   - Environments: .env.local, .env

   Creating an optimized production build ...
 ✓ Finished writing to disk in 153ms
 ✓ Compiled successfully in 13.4s
   Linting and checking validity of types ...
   Collecting page data ...
   Generating static pages (0/38) ...
   Generating static pages (9/38) 
   Generating static pages (18/38) 
   Generating static pages (28/38) 
 ✓ Generating static pages (38/38)
   Finalizing page optimization ...
   Collecting build traces ...

Route (app)                                        Size  First Load JS  Revalidate  Expire
┌ ƒ /                                            2.3 kB         129 kB
├ ○ /_not-found                                     0 B         117 kB          1m      1y
├ ƒ /admin                                      1.51 kB         128 kB
├ ƒ /admin/comodidades                          3.61 kB         130 kB
├ ƒ /admin/configuracoes                        7.21 kB         134 kB
├ ƒ /admin/configuracoes/chat                   4.92 kB         131 kB
├ ƒ /admin/imoveis                               4.2 kB         131 kB
├ ƒ /admin/imoveis/[id]/editar                  7.06 kB         133 kB
├ ƒ /admin/imoveis/novo                         6.47 kB         133 kB
├ ƒ /admin/integracoes/portais                  3.01 kB         129 kB
├ ƒ /admin/integracoes/portais/guia             3.39 kB         130 kB
├ ƒ /admin/leads                                2.72 kB         129 kB
├ ƒ /admin/login                                  919 B         127 kB
├ ○ /alugar                                         0 B         126 kB          1m      1y
├ ƒ /api/admin/chat/salvar                          0 B            0 B
├ ƒ /api/admin/chat/testar                          0 B            0 B
├ ƒ /api/admin/comodidades/categorias               0 B            0 B
├ ƒ /api/admin/comodidades/categorias/[id]          0 B            0 B
├ ƒ /api/admin/comodidades/itens                    0 B            0 B
├ ƒ /api/admin/comodidades/itens/[id]               0 B            0 B
├ ƒ /api/admin/configuracoes                        0 B            0 B
├ ƒ /api/admin/configuracoes/upload                 0 B            0 B
├ ƒ /api/admin/imoveis                              0 B            0 B
├ ƒ /api/admin/imoveis/[id]                         0 B            0 B
├ ƒ /api/admin/imoveis/[id]/comodos                 0 B            0 B
├ ƒ /api/admin/imoveis/[id]/comodos/[comodoId]      0 B            0 B
├ ƒ /api/admin/imoveis/[id]/fotos                   0 B            0 B
├ ƒ /api/admin/imoveis/[id]/fotos/[fotoId]          0 B            0 B
├ ƒ /api/admin/imoveis/[id]/fotos/reorder           0 B            0 B
├ ƒ /api/admin/leads                                0 B            0 B
├ ƒ /api/admin/leads/[id]                           0 B            0 B
├ ƒ /api/admin/portais                              0 B            0 B
├ ƒ /api/admin/webhooks                             0 B            0 B
├ ƒ /api/admin/webhooks/[id]                        0 B            0 B
├ ƒ /api/admin/webhooks/[id]/testar                 0 B            0 B
├ ƒ /api/auth/login                                 0 B            0 B
├ ƒ /api/auth/logout                                0 B            0 B
├ ƒ /api/chat                                       0 B            0 B
├ ○ /api/configuracoes/textos                       0 B            0 B          1m      1y
├ ƒ /api/imoveis                                    0 B            0 B
├ ƒ /api/imoveis/[slug]                             0 B            0 B
├ ƒ /api/leads                                      0 B            0 B
├ ƒ /api/xml/[portal]                               0 B            0 B
├ ○ /comprar                                        0 B         126 kB          1m      1y
├ ○ /contato                                    3.26 kB         189 kB          1m      1y
├ ○ /imoveis                                    4.83 kB         191 kB          1m      1y
├ ƒ /imoveis/[slug]                                 0 B         126 kB
├ ƒ /imoveis/[slug]/opengraph-image                 0 B            0 B
├ ○ /politica-de-privacidade                        0 B         126 kB          1m      1y
├ ○ /robots.txt                                     0 B            0 B
└ ○ /sitemap.xml                                    0 B            0 B
+ First Load JS shared by all                    132 kB
  ├ chunks/041f9de0177a0007.js                  58.9 kB
  └ chunks/8082ab48faca5ea1.js                  17.2 kB
  ├ chunks/de9777518f2b49c4.js                  13.4 kB
  ├ chunks/47a72cbf824cd792.css                 14.8 kB
  └ other shared chunks (total)                 27.8 kB


ƒ Middleware                                      44 kB

○  (Static)   prerendered as static content
ƒ  (Dynamic)  server-rendered on demand


┌──────────────────────────────┐
│ OpenNext — Generating bundle │
└──────────────────────────────┘

Bundling middleware function...
Bundling static assets...
Bundling cache assets...
Building server function: default...
Applying code patches: 8.801s
# copyPackageTemplateFiles
[35m⚙️ Bundling the OpenNext server...
[0m
[35mWorker saved in `.open-next\worker.js` 🚀
[0m
OpenNext build complete.
