
 ⛅️ wrangler 4.86.0 (update available 4.88.0)
─────────────────────────────────────────────
OpenNext project detected, calling `opennextjs-cloudflare deploy`

┌──────────────────────────────┐
│ OpenNext — Cloudflare deploy │
└──────────────────────────────┘

WARN OpenNext is not fully compatible with Windows.
WARN For optimal performance, it is recommended to use Windows Subsystem for Linux (WSL).
WARN While OpenNext may function on Windows, it could encounter unpredictable failures during runtime.
Incremental cache does not need populating
Tag cache does not need populating

 ⛅️ wrangler 4.86.0 (update available 4.88.0)
─────────────────────────────────────────────

[31mX [41;31m[[41;97mERROR[41;31m][0m [1mThe entry-point file at ".open-next\worker.js" was not found.[0m

  
  This might mean that your entry-point file needs to be generated (which is the general case when a framework is being used).
  If that's the case please run your project's build command and try again.


🪵  Logs were written to "C:\Users\Pichau\AppData\Roaming\xdg.config\.wrangler\logs\wrangler-2026-05-07_08-01-02_626.log"
ERROR Wrangler deploy command failed:
[31mX [41;31m[[41;97mERROR[41;31m][0m [1mThe entry-point file at ".open-next\worker.js" was not found.[0m

  
  This might mean that your entry-point file needs to be generated (which is the general case when a framework is being used).
  If that's the case please run your project's build command and try again.


🪵  Logs were written to "C:\Users\Pichau\AppData\Roaming\xdg.config\.wrangler\logs\wrangler-2026-05-07_08-01-02_626.log"


[31mX [41;31m[[41;97mERROR[41;31m][0m [1m[0m


[32mIf you think this is a bug then please create an issue at https://github.com/cloudflare/workers-sdk/issues/new/choose[0m
Note that there is a newer version of Wrangler available (4.88.0). Consider checking whether upgrading resolves this error.
? Would you like to report this error to Cloudflare? Wrangler's output and the error details will be shared with the Wrangler team to help us diagnose and fix the issue.
🤖 Using fallback value in non-interactive context: no
🪵  Logs were written to "C:\Users\Pichau\AppData\Roaming\xdg.config\.wrangler\logs\wrangler-2026-05-07_08-00-56_021.log"
